MemTotal:       11483068 kB
MemFree:          369976 kB
MemAvailable:    4718916 kB
Buffers:            8936 kB
Cached:          4097060 kB
SwapCached:         2652 kB
Active:          3019768 kB
Inactive:        3377240 kB
Active(anon):     781748 kB
Inactive(anon):  1679308 kB
Active(file):    2238020 kB
Inactive(file):  1697932 kB
Unevictable:      118264 kB
Mlocked:          116972 kB
SwapTotal:       7864316 kB
SwapFree:        5125816 kB
Dirty:              1676 kB
Writeback:             0 kB
AnonPages:       2407172 kB
Mapped:          1628868 kB
Shmem:             77288 kB
KReclaimable:     729444 kB
Slab:             910664 kB
SReclaimable:     247444 kB
SUnreclaim:       663220 kB
KernelStack:      177376 kB
ShadowCallStack:       0 kB
PageTables:       237428 kB
SecPageTables:         0 kB
NFS_Unstable:          0 kB
Bounce:                0 kB
WritebackTmp:          0 kB
CommitLimit:    13605848 kB
Committed_AS:   508224416 kB
VmallocTotal:   259653632 kB
VmallocUsed:      397540 kB
VmallocChunk:          0 kB
Percpu:            13696 kB
AnonHugePages:         0 kB
ShmemHugePages:        0 kB
ShmemPmdMapped:        0 kB
FileHugePages:         0 kB
FilePmdMapped:         0 kB
HugePagePool:          0 kB
DoubleMapTHP:        384 kB
CmaTotal:         618496 kB
CmaFree:               0 kB
IonTotalCache:    258672 kB
IonTotalUsed:     418188 kB
RsvPool:          576924 kB
GPUTotalUsed:     332952 kB
